// Jest Snapshot v1, https://goo.gl/fbAQLP

exports[`DataPresenter collection of items tests collection of 0 items should render a collection of items as json 1`] = `"[]"`;

exports[`DataPresenter collection of items tests collection of 0 items should render a collection of items horizontal table using with table config 1`] = `
"0 items returned.
"
`;

exports[`DataPresenter collection of items tests collection of 0 items should render a collection of items in a horizontal table 1`] = `
"0 items returned.
"
`;

exports[`DataPresenter collection of items tests collection of 0 items should render using the supplied map() for a collection of items in a horizontal table 1`] = `
"0 items returned.
"
`;

exports[`DataPresenter collection of items tests collection of items should render a collection of items as json 1`] = `
"[
  {
    \\"foo\\": \\"bar1\\",
    \\"key\\": \\"value1 value1 value1 value1 value1 value1 value1 value1 value1 value1 value1 value1 value1 value1 value1 value1 value1 value1 value1 value1 \\"
  },
  {
    \\"foo\\": \\"bar2\\",
    \\"key\\": \\"value2 value2 value2 value2 value2 value2 value2 value2 value2 value2 value2 value2 value2 value2 value2 value2 value2 value2 value2 value2 \\"
  }
]"
`;

exports[`DataPresenter collection of items tests collection of items should render a collection of items horizontal table using with table config 1`] = `
"+------+------------------------------------------------------------------------------------------------------+
| [1mfoo[22m  | [1mkey[22m                                                                                                  |
|------|------------------------------------------------------------------------------------------------------|
| bar1 | value1 value1 value1 value1 value1 value1 value1 value1 value1 value1 value1 value1 value1 value1 va |
|      | lue1 value1 value1 value1 value1 value1                                                              |
|------|------------------------------------------------------------------------------------------------------|
| bar2 | value2 value2 value2 value2 value2 value2 value2 value2 value2 value2 value2 value2 value2 value2 va |
|      | lue2 value2 value2 value2 value2 value2                                                              |
+------+------------------------------------------------------------------------------------------------------+

"
`;

exports[`DataPresenter collection of items tests collection of items should render a collection of items in a horizontal table 1`] = `
"+------+----------------------------------------------------------------------------------------------------------------------------------------------+
| [1mfoo[22m  | [1mkey[22m                                                                                                                                          |
|------|----------------------------------------------------------------------------------------------------------------------------------------------|
| bar1 | value1 value1 value1 value1 value1 value1 value1 value1 value1 value1 value1 value1 value1 value1 value1 value1 value1 value1 value1 value1  |
|------|----------------------------------------------------------------------------------------------------------------------------------------------|
| bar2 | value2 value2 value2 value2 value2 value2 value2 value2 value2 value2 value2 value2 value2 value2 value2 value2 value2 value2 value2 value2  |
+------+----------------------------------------------------------------------------------------------------------------------------------------------+

"
`;

exports[`DataPresenter collection of items tests collection of items should render using the supplied map() for a collection of items in a horizontal table 1`] = `
"+------+
| [1mfoo[22m  |
|------|
| bar1 |
|------|
| bar2 |
+------+

"
`;

exports[`DataPresenter single item should render a single item as json 1`] = `
"{
  \\"foo\\": \\"bar\\",
  \\"key\\": \\"value value value value value value value value value value value value value value value value value value value value \\"
}"
`;

exports[`DataPresenter single item should render a single item as vertical table using tableUserConfig 1`] = `
"+----------+------------------------------------------------------------------------------------------------------+
| [1mProperty[22m | [1mValue[22m                                                                                                |
|----------|------------------------------------------------------------------------------------------------------|
| foo      | \\"bar\\"                                                                                                |
|----------|------------------------------------------------------------------------------------------------------|
| key      | \\"value value value value value value value value value value value value value value value value val |
|          | ue value value value \\"                                                                               |
+----------+------------------------------------------------------------------------------------------------------+

"
`;

exports[`DataPresenter single item should render a single item vertical table 1`] = `
"+----------+----------------------------------------------------------------------------------------------------------------------------+
| [1mProperty[22m | [1mValue[22m                                                                                                                      |
|----------|----------------------------------------------------------------------------------------------------------------------------|
| foo      | \\"bar\\"                                                                                                                      |
|----------|----------------------------------------------------------------------------------------------------------------------------|
| key      | \\"value value value value value value value value value value value value value value value value value value value value \\" |
+----------+----------------------------------------------------------------------------------------------------------------------------+

"
`;
