// Jest Snapshot v1, https://goo.gl/fbAQLP

exports[`content-type-schema import command doCreate should throw an error when content type schema fails to create 1`] = `
"Error registering content type schema with body: {
	\\"$schema\\": \\"http://json-schema.org/draft-07/schema#\\",
	\\"$id\\": \\"https://schema.localhost.com/test-1.json\\",

	\\"title\\": \\"Test Schema 1\\",
	\\"description\\": \\"Test Schema 1\\",

	\\"allOf\\": [
		{
			\\"$ref\\": \\"http://bigcontent.io/cms/schema/v1/core#/definitions/content\\"
		}
	],
	
	\\"type\\": \\"object\\",
	\\"properties\\": {
		
	},
	\\"propertyOrder\\": []
}

Error: Error creating content type schema"
`;

exports[`content-type-schema import command doUpdate should throw an error when content type schema fails to create 1`] = `"Error updating content type schema https://schema.localhost.com/test-1.json: Error getting content type schema"`;

exports[`content-type-schema import command handler tests should report all resolve schema body errors 1`] = `
"Unable to resolve the body for the following files:
* filename.json -> Error: Unable to resolve filename.json"
`;
