// Jest Snapshot v1, https://goo.gl/fbAQLP

exports[`cli should create a yarg instance if one is not supplied 1`] = `
"<<ENTRYPOINT>> <command>

Commands:
  <<ENTRYPOINT>> configure             Saves the configuration options to a
                                        file
  <<ENTRYPOINT>> content-repositories  Content Repositories
  <<ENTRYPOINT>> content-type-schema   Content Type Schema
  <<ENTRYPOINT>> content-type          Content Type

Options:
  --help          Show help                                            [boolean]
  --version       Show version number                                  [boolean]
  --clientId                                                 [string] [required]
  --clientSecret                                             [string] [required]
  --hubId                                                    [string] [required]
  --config        Path to JSON config file     [string] [default: \\"config.json\\"]Error: Please specify at least one command"
`;

exports[`cli should display sdk error ({message}) 1`] = `"Error: Error message"`;

exports[`cli should display sdk error (Error) 1`] = `"Error: Error"`;

exports[`cli should display sdk error (string) 1`] = `"Error: The list-content-type-schemas action is not available, ensure you have permission to perform this action."`;
